******************************************************************************
                  TI ARM Linker PC v20.2.7                     
******************************************************************************
>> Linked Thu Jun 15 19:32:05 2023

OUTPUT FILE NAME:   <gpiointerrupt_CC3220SF_LAUNCHXL_nortos_ccs.out>
ENTRY POINT SYMBOL: "resetISR"  address: 010069a1


MEMORY CONFIGURATION

         name            origin    length      used     unused   attr    fill
----------------------  --------  ---------  --------  --------  ----  --------
  FLASH_HDR             01000000   000007ff  00000000  000007ff  R  X
  FLASH                 01000800   000ff800  00006d3e  000f8ac2  R  X
  SRAM                  20000000   00040000  00009cd4  0003632c  RW X
  LOG_DATA              90000000   00040000  00000000  00040000  R   


SEGMENT ALLOCATION MAP

run origin  load origin   length   init length attrs members
----------  ----------- ---------- ----------- ----- -------
01000800    01000800    00006d40   00006d40    r-x
  01000800    01000800    00000040   00000040    r-- .resetVecs
  01000840    01000840    000066ec   000066ec    r-x .text
  01006f2c    01006f2c    0000051a   0000051a    r-- .const
  01007448    01007448    000000f8   000000f8    r-- .cinit
20000310    20000310    000089c8   00000000    rw-
  20000310    20000310    00008000   00000000    rw- .sysmem
  20008310    20008310    000005d0   00000000    rw- .data
  200088e0    200088e0    000003f8   00000000    rw- .bss
2003f000    2003f000    00001000   00000000    rw-
  2003f000    2003f000    00001000   00000000    rw- .stack


SECTION ALLOCATION MAP

 output                                  attributes/
section   page    origin      length       input sections
--------  ----  ----------  ----------   ----------------
.resetVecs 
*          0    01000800    00000040     
                  01000800    00000040     nortos_cc32xx.a : startup_cc32xx_ccs.oem4 (.resetVecs:retain)

.text      0    01000840    000066ec     
                  01000840    00000a4e     rtsv7M4_T_le_eabi.lib : _printfi.c.obj (.text:__TI_printfi)
                  0100128e    00000002     ti_drivers_config.obj (.text:Board_initHook)
                  01001290    0000042c     driverlib.a : prcm.obj (.text:PRCMCC3200MCUInit)
                  010016bc    00000288     drivers_cc32xx.a : UARTCC32XX.oem4 (.text:UARTCC32XX_open)
                  01001944    00000268     rtsv7M4_T_le_eabi.lib : _printfi.c.obj (.text:_pconv_a)
                  01001bac    0000024c     gpiointerrupt.obj (.text:initI2C)
                  01001df8    000001e4     drivers_cc32xx.a : GPIOCC32XX.oem4 (.text:GPIO_setConfig)
                  01001fdc    000001cc     rtsv7M4_T_le_eabi.lib : _printfi.c.obj (.text:_pconv_g)
                  010021a8    000001b6                           : fd_add_t2.asm.obj (.text)
                  0100235e    00000002     drivers_cc32xx.a : I2C.oem4 (.text:I2C_init)
                  01002360    0000019c     nortos_cc32xx.a : PowerCC32XX_nortos.oem4 (.text:PowerCC32XX_sleepPolicy)
                  010024fc    00000158     gpiointerrupt.obj (.text:mainThread)
                  01002654    00000148     drivers_cc32xx.a : I2CCC32XX.oem4 (.text:I2CCC32XX_hwiFxn)
                  0100279c    00000148                      : PowerCC32XX.oem4 (.text:parkPins)
                  010028e4    0000013c     rtsv7M4_T_le_eabi.lib : _printfi.c.obj (.text:_pconv_e)
                  01002a20    00000138     drivers_cc32xx.a : PowerCC32XX.oem4 (.text:Power_sleep)
                  01002b58    00000136     rtsv7M4_T_le_eabi.lib : fd_div_t2.asm.obj (.text)
                  01002c8e    00000002     nortos_cc32xx.a : PowerCC32XX_nortos.oem4 (.text:PowerCC32XX_initPolicy)
                  01002c90    00000128     drivers_cc32xx.a : TimerCC32XX.oem4 (.text:TimerCC32XX_open)
                  01002db8    00000122                      : I2C.oem4 (.text:I2C_transferTimeout)
                  01002eda    00000002                      : TimerCC32XX.oem4 (.text:TimerCC32XX_init)
                  01002edc    00000120                      : UARTCC32XX.oem4 (.text:UARTCC32XX_close)
                  01002ffc    00000120     rtsv7M4_T_le_eabi.lib : _printfi.c.obj (.text:fcvt)
                  0100311c    00000120     gpiointerrupt.obj (.text:readTemp)
                  0100323c    00000100     rtsv7M4_T_le_eabi.lib : memory.c.obj (.text:aligned_alloc)
                  0100333c    000000fc     drivers_cc32xx.a : I2CCC32XX.oem4 (.text:I2C_open)
                  01003438    000000fc     rtsv7M4_T_le_eabi.lib : fd_mul_t2.asm.obj (.text)
                  01003534    000000f2     drivers_cc32xx.a : UARTCC32XX.oem4 (.text:UARTCC32XX_control)
                  01003626    00000002                      : UARTCC32XX.oem4 (.text:UARTCC32XX_init)
                  01003628    000000e4     rtsv7M4_T_le_eabi.lib : memory.c.obj (.text:free)
                  0100370c    000000d0                           : s_scalbn.c.obj (.text:scalbn)
                  010037dc    000000ca     drivers_cc32xx.a : UARTCC32XX.oem4 (.text:UARTCC32XX_write)
                  010038a6    00000002     rtsv7M4_T_le_eabi.lib : _lock.c.obj (.text:_nop)
                  010038a8    000000c4     drivers_cc32xx.a : GPIOCC32XX.oem4 (.text:GPIO_init)
                  0100396c    000000c0                      : PowerCC32XX.oem4 (.text:restoreParkedPins)
                  01003a2c    000000ba                      : UARTCC32XX.oem4 (.text:UARTCC32XX_readPolling)
                  01003ae6    00000002     nortos_cc32xx.a : startup_cc32xx_ccs.oem4 (.text:busFaultHandler)
                  01003ae8    000000b8     drivers_cc32xx.a : UARTCC32XX.oem4 (.text:initHw)
                  01003ba0    000000b6                      : UARTCC32XX.oem4 (.text:readTaskCallback)
                  01003c56    000000b2                      : I2CCC32XX.oem4 (.text:I2CCC32XX_completeTransfer)
                  01003d08    000000b1     rtsv7M4_T_le_eabi.lib : _printfi.c.obj (.text:_ltostr)
                  01003db9    00000001     --HOLE-- [fill = 0]
                  01003dba    000000b0     drivers_cc32xx.a : UARTCC32XX.oem4 (.text:readTaskBlocking)
                  01003e6a    000000ae                      : UARTCC32XX.oem4 (.text:readIsrTextBlocking)
                  01003f18    000000ac     gpiointerrupt.obj (.text:TickFct_TempReport)
                  01003fc4    000000a8     drivers_cc32xx.a : I2CCC32XX.oem4 (.text:I2CCC32XX_primeWriteBurst)
                  0100406c    000000a8     driverlib.a : interrupt.obj (.text:IntEnable)
                  01004114    000000a8     drivers_cc32xx.a : PowerCC32XX.oem4 (.text:PowerCC32XX_configureWakeup)
                  010041bc    000000a2                      : UARTCC32XX.oem4 (.text:readIsrTextCallback)
                  0100425e    000000a2                      : UARTCC32XX.oem4 (.text:writeData)
                  01004300    000000a0     nortos_cc32xx.a : SemaphoreP_nortos.oem4 (.text:SemaphoreP_pend)
                  010043a0    0000009c     drivers_cc32xx.a : I2CCC32XX.oem4 (.text:I2CCC32XX_initHw)
                  0100443c    0000009c     rtsv7M4_T_le_eabi.lib : memcpy_t2.asm.obj (.text)
                  010044d8    00000098     drivers_cc32xx.a : GPIOCC32XX.oem4 (.text:powerNotifyFxn)
                  01004570    00000096     rtsv7M4_T_le_eabi.lib : ull_div_t2.asm.obj (.text)
                  01004606    00000002     nortos_cc32xx.a : SemaphoreP_nortos.oem4 (.text:clkFxn)
                  01004608    00000090     drivers_cc32xx.a : PowerCC32XX.oem4 (.text:restoreNVICRegs)
                  01004698    0000008c     nortos_cc32xx.a : HwiPCC32XX_nortos.oem4 (.text:HwiP_construct)
                  01004724    00000088     driverlib.a : interrupt.obj (.text:IntPendSet)
                  010047ac    00000088                 : pin.obj (.text:PinConfigSet)
                  01004834    00000088     drivers_cc32xx.a : TimerCC32XX.oem4 (.text:TimerCC32XX_setPeriod)
                  010048bc    00000086     rtsv7M4_T_le_eabi.lib : fd_cmp_t2.asm.obj (.text:__aeabi_cdcmple)
                  01004942    00000086                           : fd_cmp_t2.asm.obj (.text:__aeabi_cdrcmple)
                  010049c8    00000084     drivers_cc32xx.a : PowerCC32XX.oem4 (.text:Power_init)
                  01004a4c    00000084     gpiointerrupt.obj (.text:TickFct_Scheduler)
                  01004ad0    00000084     drivers_cc32xx.a : PowerCC32XX.oem4 (.text:saveNVICRegs)
                  01004b54    00000080                      : PowerCC32XX.oem4 (.text:Power_setDependency)
                  01004bd4    0000007c                      : UARTCC32XX.oem4 (.text:readIsrBinaryBlocking)
                  01004c50    0000007a                      : I2CCC32XX.oem4 (.text:I2CCC32XX_primeReadBurst)
                  01004cca    0000007a     rtsv7M4_T_le_eabi.lib : fs_mul_t2.asm.obj (.text)
                  01004d44    0000007a                           : memset_t2.asm.obj (.text)
                  01004dbe    00000002     nortos_cc32xx.a : startup_cc32xx_ccs.oem4 (.text:defaultHandler)
                  01004dc0    00000078     drivers_cc32xx.a : GPIOCC32XX.oem4 (.text:GPIO_hwiIntFxn)
                  01004e38    00000078                      : TimerCC32XX.oem4 (.text:TimerCC32XX_start)
                  01004eb0    00000078                      : UARTCC32XX.oem4 (.text:readIsrBinaryCallback)
                  01004f28    00000074                      : UARTCC32XX.oem4 (.text:UARTCC32XX_hwiIntFxn)
                  01004f9c    00000070     rtsv7M4_T_le_eabi.lib : memory.c.obj (.text:split)
                  0100500c    0000006e                           : _printfi.c.obj (.text:_mcpy)
                  0100507a    0000006a     drivers_cc32xx.a : I2CCC32XX.oem4 (.text:I2CSupport_primeTransfer)
                  010050e4    00000068     rtsv7M4_T_le_eabi.lib : copy_decompress_lzss.c.obj (.text:decompress:lzss:__TI_decompress_lzss)
                  0100514c    00000066     drivers_cc32xx.a : UARTCC32XX.oem4 (.text:UARTCC32XX_writeCancel)
                  010051b2    00000002     nortos_cc32xx.a : startup_cc32xx_ccs.oem4 (.text:faultISR)
                  010051b4    00000064     drivers_cc32xx.a : PowerCC32XX.oem4 (.text:PowerCC32XX_setParkState)
                  01005218    00000062                      : UARTCC32XX.oem4 (.text:UARTCC32XX_writePolling)
                  0100527a    00000002     nortos_cc32xx.a : startup_cc32xx_ccs.oem4 (.text:nmiISR)
                  0100527c    00000060     driverlib.a : prcm.obj (.text:PRCMSysResetCauseGet)
                  010052dc    0000005c     drivers_cc32xx.a : GPIOCC32XX.oem4 (.text:GPIO_setCallback)
                  01005338    0000005c     rtsv7M4_T_le_eabi.lib : s_frexp.c.obj (.text:frexp)
                  01005394    0000005c     nortos_cc32xx.a : ClockPSysTick_nortos.oem4 (.text:sysTickInit)
                  010053f0    00000058     drivers_cc32xx.a : GPIOCC32XX.oem4 (.text:GPIO_write)
                  01005448    00000058     driverlib.a : prcm.obj (.text:PRCMPeripheralReset)
                  010054a0    00000058     drivers_cc32xx.a : PowerCC32XX.oem4 (.text:Power_releaseDependency)
                  010054f8    00000056                      : TimerCC32XX.oem4 (.text:TimerCC32XX_stop)
                  0100554e    00000056     rtsv7M4_T_le_eabi.lib : _printfi.c.obj (.text:_pconv_f)
                  010055a4    00000054                           : _ltoa.c.obj (.text:__TI_ltoa)
                  010055f8    00000054     gpiointerrupt.obj (.text:initTimer)
                  0100564c    00000054     drivers_cc32xx.a : UARTCC32XX.oem4 (.text:ringBufGet)
                  010056a0    00000052                      : PowerCC32XX_asm.oem4 (.text:PowerCC32XX_resumeLPDS)
                  010056f2    00000052     rtsv7M4_T_le_eabi.lib : _printfi.c.obj (.text:_ecpy)
                  01005744    00000052     drivers_cc32xx.a : TimerCC32XX.oem4 (.text:initHw)
                  01005796    00000002     rtsv7M4_T_le_eabi.lib : div0.asm.obj (.text)
                  01005798    00000050     nortos_cc32xx.a : ClockPSysTick_nortos.oem4 (.text:ClockP_sysTickHandler)
                  010057e8    00000050                     : SemaphoreP_nortos.oem4 (.text:SemaphoreP_construct)
                  01005838    00000050     gpiointerrupt.obj (.text:TickFct_TempManip)
                  01005888    00000050     drivers_cc32xx.a : TimerCC32XX.oem4 (.text:TimerCC32XX_allocateTimerResource)
                  010058d8    0000004c                      : GPIOCC32XX.oem4 (.text:GPIO_enableInt)
                  01005924    0000004c                      : I2CCC32XX.oem4 (.text:I2CCC32XX_readRecieveFifo)
                  01005970    0000004c                      : PowerCC32XX.oem4 (.text:PowerCC32XX_parkPin)
                  010059bc    0000004c     rtsv7M4_T_le_eabi.lib : atoi.c.obj (.text:atoi)
                  01005a08    0000004c     drivers_cc32xx.a : PowerCC32XX.oem4 (.text:restorePeriphClocks)
                  01005a54    0000004c     rtsv7M4_T_le_eabi.lib : snprintf.c.obj (.text:snprintf)
                  01005aa0    00000048     driverlib.a : flash.obj (.text:FlashDisable)
                  01005ae8    00000048                 : prcm.obj (.text:PRCMLPDSEnter)
                  01005b30    00000048                 : prcm.obj (.text:PRCMPeripheralClkEnable)
                  01005b78    00000048     drivers_cc32xx.a : PowerCC32XX.oem4 (.text:Power_releaseConstraint)
                  01005bc0    00000048     rtsv7M4_T_le_eabi.lib : fd_toi_t2.asm.obj (.text)
                  01005c08    00000046     drivers_cc32xx.a : RingBuf.oem4 (.text:RingBuf_put)
                  01005c4e    00000046                      : TimerCC32XX.oem4 (.text:getPrescaler)
                  01005c94    00000044     nortos_cc32xx.a : ClockPSysTick_nortos.oem4 (.text:ClockP_stop)
                  01005cd8    00000044     driverlib.a : prcm.obj (.text:PRCMLPDSRestoreInfoSet)
                  01005d1c    00000044     drivers_cc32xx.a : PowerCC32XX_asm.oem4 (.text:PowerCC32XX_enterLPDS)
                  01005d60    00000044     nortos_cc32xx.a : SemaphoreP_nortos.oem4 (.text:SemaphoreP_post)
                  01005da4    00000044                     : SwiP_nortos.oem4 (.text:SwiP_restore)
                  01005de8    00000044     drivers_cc32xx.a : Timer.oem4 (.text:Timer_init)
                  01005e2c    00000044                      : UART.oem4 (.text:UART_init)
                  01005e70    00000044     rtsv7M4_T_le_eabi.lib : autoinit.c.obj (.text:__TI_auto_init_nobinit_nopinit:__TI_auto_init_nobinit_nopinit)
                  01005eb4    00000044     gpiointerrupt.obj (.text:initUART)
                  01005ef8    00000040     nortos_cc32xx.a : ClockPSysTick_nortos.oem4 (.text:ClockP_construct)
                  01005f38    00000040     driverlib.a : pin.obj (.text:PinModeSet)
                  01005f78    00000040     drivers_cc32xx.a : RingBuf.oem4 (.text:RingBuf_get)
                  01005fb8    00000040                      : Timer.oem4 (.text:Timer_open)
                  01005ff8    00000040                      : UARTCC32XX.oem4 (.text:UARTCC32XX_read)
                  01006038    00000040                      : UART.oem4 (.text:UART_open)
                  01006078    0000003e     rtsv7M4_T_le_eabi.lib : _printfi.c.obj (.text:_fcpy)
                  010060b6    00000002     --HOLE-- [fill = 0]
                  010060b8    0000003c     nortos_cc32xx.a : ClockPSysTick_nortos.oem4 (.text:ClockP_destruct)
                  010060f4    0000003c     drivers_cc32xx.a : PowerCC32XX.oem4 (.text:Power_setConstraint)
                  01006130    0000003a                      : TimerCC32XX.oem4 (.text:TimerCC32XX_close)
                  0100616a    0000003a     nortos_cc32xx.a : PowerCC32XX_nortos.oem4 (.text:getCountsRTC)
                  010061a4    00000038     driverlib.a : prcm.obj (.text:PRCMLPDSEnterKeepDebugIf)
                  010061dc    00000038     drivers_cc32xx.a : TimerCC32XX.oem4 (.text:TimerCC32XX_hwiIntFunction)
                  01006214    00000038     nortos_cc32xx.a : ClockPSysTick_nortos.oem4 (.text:addToList)
                  0100624c    00000038                     : startup_cc32xx_ccs.oem4 (.text:initVectors)
                  01006284    00000038     drivers_cc32xx.a : PowerCC32XX.oem4 (.text:notify)
                  010062bc    00000038     rtsv7M4_T_le_eabi.lib : fs_toi_t2.asm.obj (.text)
                  010062f4    00000038                           : i_tofs_t2.asm.obj (.text)
                  0100632c    00000036     driverlib.a : timer.obj (.text:TimerControlStall)
                  01006362    00000036     drivers_cc32xx.a : UARTCC32XX.oem4 (.text:UARTCC32XX_readCancel)
                  01006398    00000034     nortos_cc32xx.a : ClockPSysTick_nortos.oem4 (.text:ClockP_getTicksUntilInterrupt)
                  010063cc    00000034                     : ClockPSysTick_nortos.oem4 (.text:ClockP_startup)
                  01006400    00000034     driverlib.a : pin.obj (.text:PinModeGet)
                  01006434    00000034     drivers_cc32xx.a : PowerCC32XX.oem4 (.text:PowerCC32XX_restoreParkState)
                  01006468    00000034                      : TimerCC32XX.oem4 (.text:TimerCC32XX_freeTimerResource)
                  0100649c    00000034                      : TimerCC32XX.oem4 (.text:getPowerMgrId)
                  010064d0    00000030     nortos_cc32xx.a : ClockPSysTick_nortos.oem4 (.text:ClockP_start)
                  01006500    00000030     drivers_cc32xx.a : PowerCC32XX.oem4 (.text:PowerCC32XX_restoreParkedPin)
                  01006530    00000030     rtsv7M4_T_le_eabi.lib : snprintf.c.obj (.text:_outs)
                  01006560    0000002e                           : i_tofd_t2.asm.obj (.text)
                  0100658e    00000002     --HOLE-- [fill = 0]
                  01006590    0000002c     drivers_cc32xx.a : PowerCC32XX.oem4 (.text:PowerCC32XX_getParkState)
                  010065bc    0000002a     nortos_cc32xx.a : HwiPCC32XX_nortos.oem4 (.text:HwiP_create)
                  010065e6    0000002a     driverlib.a : timer.obj (.text:TimerLoadSet)
                  01006610    0000002a                 : timer.obj (.text:TimerPrescaleSet)
                  0100663a    00000028                 : i2c.obj (.text:I2CFIFODataPutNonBlocking)
                  01006662    00000002     --HOLE-- [fill = 0]
                  01006664    00000028                 : prcm.obj (.text:PRCMPeripheralClkDisable)
                  0100668c    00000028     drivers_cc32xx.a : PowerCC32XX.oem4 (.text:Power_registerNotify)
                  010066b4    00000028     rtsv7M4_T_le_eabi.lib : memory.c.obj (.text:free_list_insert)
                  010066dc    00000026     driverlib.a : i2c.obj (.text:I2CFIFODataGetNonBlocking)
                  01006702    00000026     drivers_cc32xx.a : I2C.oem4 (.text:I2C_cancel)
                  01006728    00000026                      : List.oem4 (.text:List_put)
                  0100674e    00000026                      : List.oem4 (.text:List_remove)
                  01006774    00000024     nortos_cc32xx.a : HwiPCC32XX_nortos.oem4 (.text:HwiP_dispatch)
                  01006798    00000024     drivers_cc32xx.a : PowerCC32XX.oem4 (.text:PowerCC32XX_reset)
                  010067bc    00000024     rtsv7M4_T_le_eabi.lib : boot_cortex_m.c.obj (.text:_c_int00_noargs:_c_int00_noargs)
                  010067e0    00000022     driverlib.a : i2c.obj (.text:I2CMasterSlaveAddrSet)
                  01006802    00000020     nortos_cc32xx.a : HwiPCC32XX_nortos.oem4 (.text:HwiP_destruct)
                  01006822    00000002     --HOLE-- [fill = 0]
                  01006824    00000020     drivers_cc32xx.a : PowerCC32XX.oem4 (.text:Power_unregisterNotify)
                  01006844    00000020                      : RingBuf.oem4 (.text:RingBuf_peek)
                  01006864    00000020                      : UARTCC32XX.oem4 (.text:getPowerMgrId)
                  01006884    0000001e     driverlib.a : i2c.obj (.text:I2CMasterIntStatusEx)
                  010068a2    0000001e     nortos_cc32xx.a : SemaphoreP_nortos.oem4 (.text:SemaphoreP_constructBinary)
                  010068c0    0000001e     driverlib.a : timer.obj (.text:TimerDisable)
                  010068de    0000001e                 : timer.obj (.text:TimerEnable)
                  010068fc    0000001c                 : pin.obj (.text:PinToPadGet)
                  01006918    0000001c     nortos_cc32xx.a : SwiP_nortos.oem4 (.text:SwiP_disable)
                  01006934    0000001c     rtsv7M4_T_le_eabi.lib : memory.c.obj (.text:free_list_remove)
                  01006950    0000001c                           : memccpy.c.obj (.text:memccpy)
                  0100696c    0000001a     nortos_cc32xx.a : ClockPSysTick_nortos.oem4 (.text:ClockP_create)
                  01006986    0000001a                     : SemaphoreP_nortos.oem4 (.text:SemaphoreP_createBinary)
                  010069a0    0000001a                     : startup_cc32xx_ccs.oem4 (.text:resetISR)
                  010069ba    00000018     driverlib.a : i2c.obj (.text:I2CMasterBusBusy)
                  010069d2    00000018                 : i2c.obj (.text:I2CMasterIntDisableEx)
                  010069ea    00000018                 : i2c.obj (.text:I2CMasterIntEnableEx)
                  01006a02    00000018                 : i2c.obj (.text:I2CRxFIFOFlush)
                  01006a1a    00000018                 : i2c.obj (.text:I2CTxFIFOFlush)
                  01006a32    00000002     --HOLE-- [fill = 0]
                  01006a34    00000018     drivers_cc32xx.a : PowerCC32XX.oem4 (.text:Power_getTransitionLatency)
                  01006a4c    00000018                      : PowerCC32XX.oem4 (.text:Power_idleFunc)
                  01006a64    00000018                      : TimerCC32XX.oem4 (.text:TimerCC32XX_getCount)
                  01006a7c    00000018     driverlib.a : timer.obj (.text:TimerIntDisable)
                  01006a94    00000018                 : timer.obj (.text:TimerIntEnable)
                  01006aac    00000018                 : uart.obj (.text:UARTBusy)
                  01006ac4    00000018                 : uart.obj (.text:UARTIntEnable)
                  01006adc    00000018     drivers_cc32xx.a : UART.oem4 (.text:UART_Params_init)
                  01006af4    00000018     rtsv7M4_T_le_eabi.lib : snprintf.c.obj (.text:_outc)
                  01006b0c    00000018     gpiointerrupt.obj (.text:gpioButtonFxn0)
                  01006b24    00000018     gpiointerrupt.obj (.text:gpioButtonFxn1)
                  01006b3c    00000018     rtsv7M4_T_le_eabi.lib : ll_mul_t2.asm.obj (.text)
                  01006b54    00000018     gpiointerrupt.obj (.text:timerCallback)
                  01006b6c    00000016     driverlib.a : i2c.obj (.text:I2CMasterBurstLengthSet)
                  01006b82    00000016                 : prcm.obj (.text:PRCMHIBRegRead)
                  01006b98    00000016                 : prcm.obj (.text:PRCMHIBRegWrite)
                  01006bae    00000016     nortos_cc32xx.a : SemaphoreP_nortos.oem4 (.text:SemaphoreP_create)
                  01006bc4    00000016     rtsv7M4_T_le_eabi.lib : strchr.c.obj (.text:strchr)
                  01006bda    00000014     driverlib.a : cpu.obj (.text:CPUcpsid)
                  01006bee    00000002     --HOLE-- [fill = 0]
                  01006bf0    00000014     nortos_cc32xx.a : HwiPCC32XX_nortos.oem4 (.text:HwiP_inISR)
                  01006c04    00000014     drivers_cc32xx.a : I2CCC32XX.oem4 (.text:I2CSupport_masterFinish)
                  01006c18    00000014                      : I2C.oem4 (.text:I2C_transfer)
                  01006c2c    00000014     driverlib.a : interrupt.obj (.text:IntVTableBaseSet)
                  01006c40    00000014     drivers_cc32xx.a : PowerCC32XX.oem4 (.text:Power_disablePolicy)
                  01006c54    00000014                      : PowerCC32XX.oem4 (.text:Power_getDependencyCount)
                  01006c68    00000014                      : UARTCC32XX.oem4 (.text:releasePowerConstraint)
                  01006c7c    00000014     rtsv7M4_T_le_eabi.lib : strlen.c.obj (.text:strlen)
                  01006c90    00000012     nortos_cc32xx.a : HwiPCC32XX_nortos.oem4 (.text:HwiP_Params_init)
                  01006ca2    00000012     driverlib.a : i2c.obj (.text:I2CMasterIntClearEx)
                  01006cb4    00000012     drivers_cc32xx.a : RingBuf.oem4 (.text:RingBuf_construct)
                  01006cc6    00000012     driverlib.a : timer.obj (.text:TimerIntClear)
                  01006cd8    00000012     main_nortos.obj (.text:main)
                  01006cea    00000012     rtsv7M4_T_le_eabi.lib : wcslen.c.obj (.text:wcslen)
                  01006cfc    00000010     ti_drivers_config.obj (.text:Board_init)
                  01006d0c    00000010     nortos_cc32xx.a : ClockPSysTick_nortos.oem4 (.text:ClockP_add)
                  01006d1c    00000010                     : ClockPSysTick_nortos.oem4 (.text:ClockP_delete)
                  01006d2c    00000010                     : ClockPSysTick_nortos.oem4 (.text:ClockP_getCpuFreq)
                  01006d3c    00000010                     : ClockPSysTick_nortos.oem4 (.text:ClockP_getSystemTicks)
                  01006d4c    00000010                     : ClockPSysTick_nortos.oem4 (.text:ClockP_setTicks)
                  01006d5c    00000010                     : HwiPCC32XX_nortos.oem4 (.text:HwiP_delete)
                  01006d6c    00000010                     : HwiPCC32XX_nortos.oem4 (.text:HwiP_restore)
                  01006d7c    00000010     driverlib.a : i2c.obj (.text:I2CFIFOStatus)
                  01006d8c    00000010     drivers_cc32xx.a : I2C.oem4 (.text:I2C_Params_init)
                  01006d9c    00000010                      : PowerCC32XX.oem4 (.text:Power_enablePolicy)
                  01006dac    00000010     nortos_cc32xx.a : SemaphoreP_nortos.oem4 (.text:SemaphoreP_Params_init)
                  01006dbc    00000010     gpiointerrupt.obj (.text:TickFct_TempRead)
                  01006dcc    00000010     drivers_cc32xx.a : Timer.oem4 (.text:Timer_Params_init)
                  01006ddc    00000010                      : UARTCC32XX.oem4 (.text:readBlockingTimeout)
                  01006dec    0000000e     nortos_cc32xx.a : HwiPCC32XX_nortos.oem4 (.text:HwiP_clearInterrupt)
                  01006dfa    0000000e                     : HwiPCC32XX_nortos.oem4 (.text:HwiP_disable)
                  01006e08    0000000e                     : HwiPCC32XX_nortos.oem4 (.text:HwiP_disableInterrupt)
                  01006e16    0000000e                     : HwiPCC32XX_nortos.oem4 (.text:HwiP_enable)
                  01006e24    0000000e                     : HwiPCC32XX_nortos.oem4 (.text:HwiP_enableInterrupt)
                  01006e32    0000000e     drivers_cc32xx.a : I2CCC32XX.oem4 (.text:I2CCC32XX_updateReg)
                  01006e40    0000000e                      : RingBuf.oem4 (.text:RingBuf_isFull)
                  01006e4e    0000000e     rtsv7M4_T_le_eabi.lib : copy_decompress_none.c.obj (.text:decompress:none:__TI_decompress_none)
                  01006e5c    0000000c     drivers_cc32xx.a : I2CCC32XX.oem4 (.text:I2CCC32XX_postNotify)
                  01006e68    0000000c                      : PowerCC32XX.oem4 (.text:Power_getConstraintMask)
                  01006e74    0000000c     rtsv7M4_T_le_eabi.lib : s_copysign.c.obj (.text:copysign)
                  01006e80    0000000c                           : copy_zero_init.c.obj (.text:decompress:ZI:__TI_zero_init)
                  01006e8c    0000000c     drivers_cc32xx.a : TimerCC32XX.oem4 (.text:postNotifyFxn)
                  01006e98    0000000c                      : UARTCC32XX.oem4 (.text:postNotifyFxn)
                  01006ea4    0000000a     nortos_cc32xx.a : ClockPSysTick_nortos.oem4 (.text:ClockP_Params_init)
                  01006eae    0000000a                     : ClockPSysTick_nortos.oem4 (.text:ClockP_isActive)
                  01006eb8    0000000a     driverlib.a : interrupt.obj (.text:IntMasterDisable)
                  01006ec2    0000000a     drivers_cc32xx.a : Timer.oem4 (.text:Timer_start)
                  01006ecc    0000000a                      : UART.oem4 (.text:UART_write)
                  01006ed6    00000008                      : I2CCC32XX.oem4 (.text:I2CCC32XX_blockingCallback)
                  01006ede    00000002     --HOLE-- [fill = 0]
                  01006ee0    00000008     rtsv7M4_T_le_eabi.lib : errno.c.obj (.text:__aeabi_errno_addr)
                  01006ee8    00000008                           : memory.c.obj (.text:malloc)
                  01006ef0    00000008     drivers_cc32xx.a : UARTCC32XX.oem4 (.text:readSemCallback)
                  01006ef8    00000008                      : UARTCC32XX.oem4 (.text:writeSemCallback)
                  01006f00    00000006                      : I2CCC32XX.oem4 (.text:I2CSupport_powerRelConstraint)
                  01006f06    00000006                      : I2CCC32XX.oem4 (.text:I2CSupport_powerSetConstraint)
                  01006f0c    00000006                      : TimerCC32XX.oem4 (.text:TimerCC32XX_control)
                  01006f12    00000006     driverlib.a : utils.obj (.text:UtilsDelay)
                  01006f18    00000004     nortos_cc32xx.a : ClockPSysTick_nortos.oem4 (.text:ClockP_setTimeout)
                  01006f1c    00000004                     : HwiPCC32XX_nortos.oem4 (.text:HwiP_post)
                  01006f20    00000004                     : SemaphoreP_nortos.oem4 (.text:SemaphoreP_delete)
                  01006f24    00000004     rtsv7M4_T_le_eabi.lib : pre_init.c.obj (.text:_system_pre_init)
                  01006f28    00000004                           : exit.c.obj (.text:abort:abort)

.const     0    01006f2c    0000051a     
                  01006f2c    00000101     rtsv7M4_T_le_eabi.lib : ctype.c.obj (.const:.string:_ctypes_)
                  0100702d    00000003     --HOLE-- [fill = 0]
                  01007030    00000100     driverlib.a : pin.obj (.const:g_ulPinToPadMap)
                  01007130    000000a8                 : prcm.obj (.const:PRCM_PeriphRegsList)
                  010071d8    00000044     ti_drivers_config.obj (.const:PowerCC32XX_config)
                  0100721c    00000028     drivers_cc32xx.a : UARTCC32XX.oem4 (.const:UARTCC32XX_fxnTable)
                  01007244    00000024                      : UART.oem4 (.const:UART_defaultParams)
                  01007268    00000024     ti_drivers_config.obj (.const:uartCC32XXHWAttrs0)
                  0100728c    00000021     drivers_cc32xx.a : GPIOCC32XX.oem4 (.const:.string:pinTable)
                  010072ad    00000003     --HOLE-- [fill = 0]
                  010072b0    00000020                      : TimerCC32XX.oem4 (.const:TimerCC32XX_fxnTable)
                  010072d0    00000020                      : UARTCC32XX.oem4 (.const:staticFxnTable)
                  010072f0    00000018     driverlib.a : interrupt.obj (.const:g_pulEnRegs)
                  01007308    00000018                 : interrupt.obj (.const:g_pulPendRegs)
                  01007320    00000018     gpiointerrupt.obj (.const:sensors)
                  01007338    00000014     ti_drivers_config.obj (.const:GPIOCC32XX_config)
                  0100734c    00000014     drivers_cc32xx.a : GPIOCC32XX.oem4 (.const:gpioBaseAddresses)
                  01007360    00000014     ti_drivers_config.obj (.const:i2cCC32XXHWAttrs)
                  01007374    00000014     drivers_cc32xx.a : UARTCC32XX.oem4 (.const:parityType)
                  01007388    00000014                      : GPIOCC32XX.oem4 (.const:powerResources)
                  0100739c    00000010                      : I2C.oem4 (.const:I2C_defaultParams)
                  010073ac    00000010                      : I2CCC32XX.oem4 (.const:I2C_defaultParams)
                  010073bc    00000010                      : UARTCC32XX.oem4 (.const:dataLength)
                  010073cc    00000010     ti_drivers_config.obj (.const:timerCC32XXHWAttrs)
                  010073dc    0000000c     gpiointerrupt.obj (.const:.string)
                  010073e8    0000000c     ti_drivers_config.obj (.const:Timer_config)
                  010073f4    0000000c     ti_drivers_config.obj (.const:UART_config)
                  01007400    0000000c     drivers_cc32xx.a : Timer.oem4 (.const:defaultParams)
                  0100740c    00000009     ti_drivers_config.obj (.const)
                  01007415    00000003     --HOLE-- [fill = 0]
                  01007418    00000008     ti_drivers_config.obj (.const:I2C_config)
                  01007420    00000008     drivers_cc32xx.a : GPIOCC32XX.oem4 (.const:outPinTypes)
                  01007428    00000008                      : UARTCC32XX.oem4 (.const:stopBits)
                  01007430    00000006                      : GPIOCC32XX.oem4 (.const:.string:interruptType)
                  01007436    00000006                      : GPIOCC32XX.oem4 (.const:inPinTypes)
                  0100743c    00000006                      : GPIOCC32XX.oem4 (.const:outPinStrengths)
                  01007442    00000004                      : GPIOCC32XX.oem4 (.const:.string:portInterruptIds)

.cinit     0    01007448    000000f8     
                  01007448    000000ce     (.cinit..data.load) [load image, compression = lzss]
                  01007516    00000002     --HOLE-- [fill = 0]
                  01007518    0000000c     (__TI_handler_table)
                  01007524    00000004     --HOLE-- [fill = 0]
                  01007528    00000008     (.cinit..bss.load) [load image, compression = zero_init]
                  01007530    00000010     (__TI_cinit_table)

.init_array 
*          0    01000800    00000000     UNINITIALIZED

.ramVecs   0    20000000    0000030c     NOLOAD SECTION
                  20000000    0000030c     nortos_cc32xx.a : startup_cc32xx_ccs.oem4 (.ramVecs)

.sysmem    0    20000310    00008000     UNINITIALIZED
                  20000310    00000010     rtsv7M4_T_le_eabi.lib : memory.c.obj (.sysmem)
                  20000320    00007ff0     --HOLE--

.data      0    20008310    000005d0     UNINITIALIZED
                  20008310    0000030c     nortos_cc32xx.a : HwiPCC32XX_nortos.oem4 (.data:HwiP_dispatchTable)
                  2000861c    0000016c     drivers_cc32xx.a : PowerCC32XX.oem4 (.data:PowerCC32XX_module)
                  20008788    000000f8     ti_drivers_config.obj (.data:parkInfo)
                  20008880    00000010     gpiointerrupt.obj (.data)
                  20008890    0000000c     ti_drivers_config.obj (.data:gpioCallbackFunctions)
                  2000889c    0000000c     ti_drivers_config.obj (.data:gpioPinConfigs)
                  200088a8    00000009     drivers_cc32xx.a : GPIOCC32XX.oem4 (.data)
                  200088b1    00000003     nortos_cc32xx.a : SemaphoreP_nortos.oem4 (.data)
                  200088b4    00000008     rtsv7M4_T_le_eabi.lib : _lock.c.obj (.data:$O1$$)
                  200088bc    00000008                           : memory.c.obj (.data:$O1$$)
                  200088c4    00000008     nortos_cc32xx.a : SemaphoreP_nortos.oem4 (.data:SemaphoreP_defaultParams)
                  200088cc    00000008                     : HwiPCC32XX_nortos.oem4 (.data)
                  200088d4    00000005                     : ClockPSysTick_nortos.oem4 (.data)
                  200088d9    00000001     drivers_cc32xx.a : Timer.oem4 (.data)
                  200088da    00000001                      : UART.oem4 (.data)
                  200088db    00000001     --HOLE--
                  200088dc    00000004     rtsv7M4_T_le_eabi.lib : errno.c.obj (.data)

.bss       0    200088e0    000003f8     UNINITIALIZED
                  200088e0    0000012c     (.common:PowerCC32XX_contextSave)
                  20008a0c    000000fc     (.common:i2cCC32XXObjects)
                  20008b08    00000084     (.common:uartCC32XXObjects0)
                  20008b8c    00000040     (.common:output)
                  20008bcc    00000034     (.common:timerCC32XXObjects)
                  20008c00    00000024     (.common:tasks)
                  20008c24    00000020     drivers_cc32xx.a : GPIOCC32XX.oem4 (.bss:gpioCallbackInfo)
                  20008c44    00000020     ti_drivers_config.obj (.bss:uartCC32XXRingBuffer0)
                  20008c64    00000020     (.common:i2cTransaction)
                  20008c84    00000014     drivers_cc32xx.a : GPIOCC32XX.oem4 (.bss:powerNotifyObj)
                  20008c98    00000010     (.common:ClockP_ctrl)
                  20008ca8    0000000d     nortos_cc32xx.a : SwiP_nortos.oem4 (.bss)
                  20008cb5    00000003     --HOLE--
                  20008cb8    00000004     drivers_cc32xx.a : GPIOCC32XX.oem4 (.bss)
                  20008cbc    00000004     nortos_cc32xx.a : ClockPSysTick_nortos.oem4 (.bss)
                  20008cc0    00000004     drivers_cc32xx.a : TimerCC32XX.oem4 (.bss:timerState)
                  20008cc4    00000004     (.common:i2c)
                  20008cc8    00000004     (.common:rxBuffer)
                  20008ccc    00000004     (.common:timer0)
                  20008cd0    00000004     (.common:txBuffer)
                  20008cd4    00000004     (.common:uart)

.stack     0    2003f000    00001000     UNINITIALIZED
                  2003f000    00000004     rtsv7M4_T_le_eabi.lib : boot_cortex_m.c.obj (.stack)
                  2003f004    00000ffc     --HOLE--

.log_data 
*          0    90000000    00000000     COPY SECTION

__llvm_prf_cnts 
*          0    20000000    00000000     UNINITIALIZED

.binit     0    01000000    00000000     

MODULE SUMMARY

       Module                       code    ro data   rw data
       ------                       ----    -------   -------
    .\
       gpiointerrupt.obj            1844    36        168    
       main_nortos.obj              18      0         0      
    +--+----------------------------+-------+---------+---------+
       Total:                       1862    36        168    
                                                             
    .\syscfg\
       ti_drivers_config.obj        18      201       740    
    +--+----------------------------+-------+---------+---------+
       Total:                       18      201       740    
                                                             
    C:/ti/simplelink_cc32xx_sdk_4_30_00_06/kernel/nortos/lib/ccs/m4/nortos_cc32xx.a
       HwiPCC32XX_nortos.oem4       394     0         788    
       startup_cc32xx_ccs.oem4      90      64        780    
       ClockPSysTick_nortos.oem4    702     0         25     
       PowerCC32XX_nortos.oem4      472     0         0      
       SemaphoreP_nortos.oem4       408     0         11     
       SwiP_nortos.oem4             96      0         13     
    +--+----------------------------+-------+---------+---------+
       Total:                       2162    64        1617   
                                                             
    C:/ti/simplelink_cc32xx_sdk_4_30_00_06/source/ti/devices/cc32xx/driverlib/ccs/Release/driverlib.a
       prcm.obj                     1604    168       0      
       pin.obj                      280     256       0      
       interrupt.obj                334     48        0      
       i2c.obj                      318     0         0      
       timer.obj                    264     0         0      
       flash.obj                    72      0         0      
       uart.obj                     48      0         0      
       cpu.obj                      20      0         0      
       utils.obj                    6       0         0      
    +--+----------------------------+-------+---------+---------+
       Total:                       2946    472       0      
                                                             
    C:/ti/simplelink_cc32xx_sdk_4_30_00_06/source/ti/drivers/lib/ccs/m4/drivers_cc32xx.a
       UARTCC32XX.oem4              3466    116       0      
       PowerCC32XX.oem4             2432    0         664    
       I2CCC32XX.oem4               1452    16        0      
       GPIOCC32XX.oem4              1208    103       65     
       TimerCC32XX.oem4             1132    32        4      
       I2C.oem4                     366     16        0      
       UART.oem4                    166     36        1      
       RingBuf.oem4                 198     0         0      
       Timer.oem4                   158     12        1      
       PowerCC32XX_asm.oem4         150     0         0      
       List.oem4                    76      0         0      
    +--+----------------------------+-------+---------+---------+
       Total:                       10804   331       735    
                                                             
    C:\ti\ccs1230\ccs\tools\compiler\ti-cgt-arm_20.2.7.LTS\lib\rtsv7M4_T_le_eabi.lib
       _printfi.c.obj               4835    0         0      
       memory.c.obj                 672     0         8      
       fd_add_t2.asm.obj            438     0         0      
       fd_div_t2.asm.obj            310     0         0      
       fd_cmp_t2.asm.obj            268     0         0      
       ctype.c.obj                  0       257       0      
       fd_mul_t2.asm.obj            252     0         0      
       s_scalbn.c.obj               208     0         0      
       memcpy_t2.asm.obj            156     0         0      
       ull_div_t2.asm.obj           150     0         0      
       snprintf.c.obj               148     0         0      
       fs_mul_t2.asm.obj            122     0         0      
       memset_t2.asm.obj            122     0         0      
       copy_decompress_lzss.c.obj   104     0         0      
       s_frexp.c.obj                92      0         0      
       _ltoa.c.obj                  84      0         0      
       atoi.c.obj                   76      0         0      
       fd_toi_t2.asm.obj            72      0         0      
       autoinit.c.obj               68      0         0      
       fs_toi_t2.asm.obj            56      0         0      
       i_tofs_t2.asm.obj            56      0         0      
       i_tofd_t2.asm.obj            46      0         0      
       boot_cortex_m.c.obj          36      0         0      
       memccpy.c.obj                28      0         0      
       ll_mul_t2.asm.obj            24      0         0      
       strchr.c.obj                 22      0         0      
       strlen.c.obj                 20      0         0      
       wcslen.c.obj                 18      0         0      
       copy_decompress_none.c.obj   14      0         0      
       copy_zero_init.c.obj         12      0         0      
       errno.c.obj                  8       0         4      
       s_copysign.c.obj             12      0         0      
       _lock.c.obj                  2       0         8      
       exit.c.obj                   4       0         0      
       pre_init.c.obj               4       0         0      
       div0.asm.obj                 2       0         0      
    +--+----------------------------+-------+---------+---------+
       Total:                       8541    257       20     
                                                             
       Heap:                        0       0         32768  
       Stack:                       0       0         4096   
       Linker Generated:            0       242       0      
    +--+----------------------------+-------+---------+---------+
       Grand Total:                 26333   1603      40144  


LINKER GENERATED COPY TABLES

__TI_cinit_table @ 01007530 records: 2, size/record: 8, table size: 16
	.data: load addr=01007448, load size=000000ce bytes, run addr=20008310, run size=000005d0 bytes, compression=lzss
	.bss: load addr=01007528, load size=00000008 bytes, run addr=200088e0, run size=000003f8 bytes, compression=zero_init


LINKER GENERATED HANDLER TABLE

__TI_handler_table @ 01007518 records: 3, size/record: 4, table size: 12
	index: 0, handler: __TI_decompress_lzss
	index: 1, handler: __TI_decompress_none
	index: 2, handler: __TI_zero_init


GLOBAL SYMBOLS: SORTED ALPHABETICALLY BY Name 

address   name                             
-------   ----                             
01006cfd  Board_init                       
0100128f  Board_initHook                   
01006f29  C$$EXIT                          
0100740c  CONFIG_GPIO_BUTTON_0_CONST       
0100740d  CONFIG_GPIO_BUTTON_1_CONST       
0100740e  CONFIG_GPIO_LED_0_CONST          
0100740f  CONFIG_I2C_0_CONST               
01007411  CONFIG_TIMER_0_CONST             
01007413  CONFIG_UART_0_CONST              
01006bdb  CPUcpsid                         
01006ea5  ClockP_Params_init               
01006d0d  ClockP_add                       
01005ef9  ClockP_construct                 
0100696d  ClockP_create                    
20008c98  ClockP_ctrl                      
01006d1d  ClockP_delete                    
010060b9  ClockP_destruct                  
01005799  ClockP_doTick                    
01006d2d  ClockP_getCpuFreq                
01006d3d  ClockP_getSystemTicks            
01006399  ClockP_getTicksUntilInterrupt    
01006eaf  ClockP_isActive                  
01006d4d  ClockP_setTicks                  
01006f19  ClockP_setTimeout                
010064d1  ClockP_start                     
010063cd  ClockP_startup                   
01005c95  ClockP_stop                      
01005799  ClockP_sysTickHandler            
200088d4  ClockP_tickPeriod                
20008882  DecrFlag                         
2000888c  Duration                         
01005aa1  FlashDisable                     
01007338  GPIOCC32XX_config                
010058d9  GPIO_enableInt                   
01004dc1  GPIO_hwiIntFxn                   
010038a9  GPIO_init                        
010052dd  GPIO_setCallback                 
01001df9  GPIO_setConfig                   
010053f1  GPIO_write                       
20008888  Heating                          
01006c91  HwiP_Params_init                 
01006ded  HwiP_clearInterrupt              
01004699  HwiP_construct                   
010065bd  HwiP_create                      
01006d5d  HwiP_delete                      
01006803  HwiP_destruct                    
01006dfb  HwiP_disable                     
01006e09  HwiP_disableInterrupt            
01006775  HwiP_dispatch                    
01006e17  HwiP_enable                      
01006e25  HwiP_enableInterrupt             
01006bf1  HwiP_inISR                       
200088cc  HwiP_key                         
01006f1d  HwiP_post                        
01006d6d  HwiP_restore                     
200088d0  HwiP_swiPIntNum                  
010066dd  I2CFIFODataGetNonBlocking        
0100663b  I2CFIFODataPutNonBlocking        
01006d7d  I2CFIFOStatus                    
01006b6d  I2CMasterBurstLengthSet          
010069bb  I2CMasterBusBusy                 
01006ca3  I2CMasterIntClearEx              
010069d3  I2CMasterIntDisableEx            
010069eb  I2CMasterIntEnableEx             
01006885  I2CMasterIntStatusEx             
010067e1  I2CMasterSlaveAddrSet            
01006a03  I2CRxFIFOFlush                   
01006c05  I2CSupport_masterFinish          
01006f01  I2CSupport_powerRelConstraint    
01006f07  I2CSupport_powerSetConstraint    
0100507b  I2CSupport_primeTransfer         
01006a1b  I2CTxFIFOFlush                   
01006d8d  I2C_Params_init                  
01006703  I2C_cancel                       
01007418  I2C_config                       
01007410  I2C_count                        
0100739c  I2C_defaultParams                
0100235f  I2C_init                         
0100333d  I2C_open                         
01006c19  I2C_transfer                     
01002db9  I2C_transferTimeout              
UNDEFED   ITM_flush                        
UNDEFED   ITM_restore                      
20008881  IncrFlag                         
0100406d  IntEnable                        
01006eb9  IntMasterDisable                 
01004725  IntPendSet                       
01006c2d  IntVTableBaseSet                 
01006729  List_put                         
0100674f  List_remove                      
01006e17  NoRTOS_start                     
01001291  PRCMCC3200MCUInit                
01006b83  PRCMHIBRegRead                   
01006b99  PRCMHIBRegWrite                  
01005ae9  PRCMLPDSEnter                    
010061a5  PRCMLPDSEnterKeepDebugIf         
01005cd9  PRCMLPDSRestoreInfoSet           
01006665  PRCMPeripheralClkDisable         
01005b31  PRCMPeripheralClkEnable          
01005449  PRCMPeripheralReset              
0100527d  PRCMSysResetCauseGet             
010047ad  PinConfigSet                     
01006401  PinModeGet                       
01005f39  PinModeSet                       
010068fd  PinToPadGet                      
010071d8  PowerCC32XX_config               
01004115  PowerCC32XX_configureWakeup      
200088e0  PowerCC32XX_contextSave          
01005d1d  PowerCC32XX_enterLPDS            
01006591  PowerCC32XX_getParkState         
01002c8f  PowerCC32XX_initPolicy           
2000861c  PowerCC32XX_module               
01005971  PowerCC32XX_parkPin              
01006799  PowerCC32XX_reset                
01006435  PowerCC32XX_restoreParkState     
01006501  PowerCC32XX_restoreParkedPin     
010056a1  PowerCC32XX_resumeLPDS           
010051b5  PowerCC32XX_setParkState         
01002361  PowerCC32XX_sleepPolicy          
01006c41  Power_disablePolicy              
01006d9d  Power_enablePolicy               
01006e69  Power_getConstraintMask          
01006c55  Power_getDependencyCount         
01006a35  Power_getTransitionLatency       
01006a4d  Power_idleFunc                   
010049c9  Power_init                       
0100668d  Power_registerNotify             
01005b79  Power_releaseConstraint          
010054a1  Power_releaseDependency          
010060f5  Power_setConstraint              
01004b55  Power_setDependency              
01002a21  Power_sleep                      
01006825  Power_unregisterNotify           
01006cb5  RingBuf_construct                
01005f79  RingBuf_get                      
01006e41  RingBuf_isFull                   
01006845  RingBuf_peek                     
01005c09  RingBuf_put                      
20008884  RoomTemp                         
01006dad  SemaphoreP_Params_init           
010057e9  SemaphoreP_construct             
010068a3  SemaphoreP_constructBinary       
01006baf  SemaphoreP_create                
01006987  SemaphoreP_createBinary          
200088c4  SemaphoreP_defaultParams         
01006f21  SemaphoreP_delete                
01004301  SemaphoreP_pend                  
01005d61  SemaphoreP_post                  
20008886  SetTemp                          
01006919  SwiP_disable                     
01005da5  SwiP_restore                     
01004a4d  TickFct_Scheduler                
01005839  TickFct_TempManip                
01006dbd  TickFct_TempRead                 
01003f19  TickFct_TempReport               
01005889  TimerCC32XX_allocateTimerResource
01006131  TimerCC32XX_close                
01006f0d  TimerCC32XX_control              
01006469  TimerCC32XX_freeTimerResource    
010072b0  TimerCC32XX_fxnTable             
01006a65  TimerCC32XX_getCount             
01002edb  TimerCC32XX_init                 
01002c91  TimerCC32XX_open                 
01004835  TimerCC32XX_setPeriod            
01004e39  TimerCC32XX_start                
010054f9  TimerCC32XX_stop                 
0100632d  TimerControlStall                
010068c1  TimerDisable                     
010068df  TimerEnable                      
20008880  TimerFlag                        
01006cc7  TimerIntClear                    
01006a7d  TimerIntDisable                  
01006a95  TimerIntEnable                   
010065e7  TimerLoadSet                     
01006611  TimerPrescaleSet                 
01006dcd  Timer_Params_init                
010073e8  Timer_config                     
01007412  Timer_count                      
01005de9  Timer_init                       
01005fb9  Timer_open                       
01006ec3  Timer_start                      
01006aad  UARTBusy                         
01002edd  UARTCC32XX_close                 
01003535  UARTCC32XX_control               
0100721c  UARTCC32XX_fxnTable              
01003627  UARTCC32XX_init                  
010016bd  UARTCC32XX_open                  
01005ff9  UARTCC32XX_read                  
01006363  UARTCC32XX_readCancel            
01003a2d  UARTCC32XX_readPolling           
010037dd  UARTCC32XX_write                 
0100514d  UARTCC32XX_writeCancel           
01005219  UARTCC32XX_writePolling          
01006ac5  UARTIntEnable                    
01006add  UART_Params_init                 
010073f4  UART_config                      
01007414  UART_count                       
01007244  UART_defaultParams               
01005e2d  UART_init                        
01006039  UART_open                        
01006ecd  UART_write                       
01006f13  UtilsDelay                       
20040000  __STACK_END                      
00001000  __STACK_SIZE                     
00008000  __SYSMEM_SIZE                    
01007530  __TI_CINIT_Base                  
01007540  __TI_CINIT_Limit                 
01007518  __TI_Handler_Table_Base          
01007524  __TI_Handler_Table_Limit         
01005e71  __TI_auto_init_nobinit_nopinit   
010050e5  __TI_decompress_lzss             
01006e4f  __TI_decompress_none             
010055a5  __TI_ltoa                        
ffffffff  __TI_pprof_out_hndl              
01000841  __TI_printfi                     
ffffffff  __TI_prof_data_size              
ffffffff  __TI_prof_data_start             
01007448  __TI_static_base__               
01006e81  __TI_zero_init                   
010048bd  __aeabi_cdcmpeq                  
010048bd  __aeabi_cdcmple                  
01004943  __aeabi_cdrcmple                 
01005bc1  __aeabi_d2iz                     
010021b3  __aeabi_dadd                     
01002b59  __aeabi_ddiv                     
01003439  __aeabi_dmul                     
010021a9  __aeabi_dsub                     
01006ee1  __aeabi_errno_addr               
010062bd  __aeabi_f2iz                     
01004ccb  __aeabi_fmul                     
01006561  __aeabi_i2d                      
010062f5  __aeabi_i2f                      
01005797  __aeabi_idiv0                    
01005797  __aeabi_ldiv0                    
01006b3d  __aeabi_lmul                     
01004d45  __aeabi_memclr                   
01004d45  __aeabi_memclr4                  
01004d45  __aeabi_memclr8                  
0100443d  __aeabi_memcpy                   
0100443d  __aeabi_memcpy4                  
0100443d  __aeabi_memcpy8                  
01004d47  __aeabi_memset                   
01004d47  __aeabi_memset4                  
01004d47  __aeabi_memset8                  
01004571  __aeabi_uldivmod                 
ffffffff  __binit__                        
ffffffff  __c_args__                       
UNDEFED   __mpu_init                       
2003f000  __stack                          
20000000  __start___llvm_prf_cnts          
20000000  __stop___llvm_prf_cnts           
010067bd  _c_int00_noargs                  
01006f2c  _ctypes_                         
200088b4  _lock                            
010038a7  _nop                             
20000310  _sys_memory                      
UNDEFED   _system_post_cinit               
01006f25  _system_pre_init                 
200088b8  _unlock                          
01006f29  abort                            
0100323d  aligned_alloc                    
010059bd  atoi                             
ffffffff  binit                            
01004607  clkFxn                           
01006e75  copysign                         
01006e75  copysignl                        
200088dc  errno                            
01003629  free                             
01005339  frexp                            
01005339  frexpl                           
01006b0d  gpioButtonFxn0                   
01006b25  gpioButtonFxn1                   
20008890  gpioCallbackFunctions            
2000889c  gpioPinConfigs                   
20008cc4  i2c                              
01007360  i2cCC32XXHWAttrs                 
20008a0c  i2cCC32XXObjects                 
20008c64  i2cTransaction                   
01007436  inPinTypes                       
01001bad  initI2C                          
010055f9  initTimer                        
01005eb5  initUART                         
0100624d  initVectors                      
0100370d  ldexp                            
0100370d  ldexpl                           
01006cd9  main                             
010024fd  mainThread                       
01006ee9  malloc                           
0100323d  memalign                         
01006951  memccpy                          
0100443d  memcpy                           
01004d4d  memset                           
0100743c  outPinStrengths                  
01007420  outPinTypes                      
20008b8c  output                           
20008788  parkInfo                         
0100311d  readTemp                         
010069a1  resetISR                         
010069b4  resetVectorAddr                  
01000800  resetVectors                     
20008cc8  rxBuffer                         
0100370d  scalbn                           
0100370d  scalbnl                          
01005a55  snprintf                         
01006bc5  strchr                           
01006c7d  strlen                           
20008c00  tasks                            
20008ccc  timer0                           
010073cc  timerCC32XXHWAttrs               
20008bcc  timerCC32XXObjects               
01006b55  timerCallback                    
20008cd0  txBuffer                         
20008cd4  uart                             
20008b08  uartCC32XXObjects0               
01006ceb  wcslen                           


GLOBAL SYMBOLS: SORTED BY Symbol Address 

address   name                             
-------   ----                             
00001000  __STACK_SIZE                     
00008000  __SYSMEM_SIZE                    
01000800  resetVectors                     
01000841  __TI_printfi                     
0100128f  Board_initHook                   
01001291  PRCMCC3200MCUInit                
010016bd  UARTCC32XX_open                  
01001bad  initI2C                          
01001df9  GPIO_setConfig                   
010021a9  __aeabi_dsub                     
010021b3  __aeabi_dadd                     
0100235f  I2C_init                         
01002361  PowerCC32XX_sleepPolicy          
010024fd  mainThread                       
01002a21  Power_sleep                      
01002b59  __aeabi_ddiv                     
01002c8f  PowerCC32XX_initPolicy           
01002c91  TimerCC32XX_open                 
01002db9  I2C_transferTimeout              
01002edb  TimerCC32XX_init                 
01002edd  UARTCC32XX_close                 
0100311d  readTemp                         
0100323d  aligned_alloc                    
0100323d  memalign                         
0100333d  I2C_open                         
01003439  __aeabi_dmul                     
01003535  UARTCC32XX_control               
01003627  UARTCC32XX_init                  
01003629  free                             
0100370d  ldexp                            
0100370d  ldexpl                           
0100370d  scalbn                           
0100370d  scalbnl                          
010037dd  UARTCC32XX_write                 
010038a7  _nop                             
010038a9  GPIO_init                        
01003a2d  UARTCC32XX_readPolling           
01003f19  TickFct_TempReport               
0100406d  IntEnable                        
01004115  PowerCC32XX_configureWakeup      
01004301  SemaphoreP_pend                  
0100443d  __aeabi_memcpy                   
0100443d  __aeabi_memcpy4                  
0100443d  __aeabi_memcpy8                  
0100443d  memcpy                           
01004571  __aeabi_uldivmod                 
01004607  clkFxn                           
01004699  HwiP_construct                   
01004725  IntPendSet                       
010047ad  PinConfigSet                     
01004835  TimerCC32XX_setPeriod            
010048bd  __aeabi_cdcmpeq                  
010048bd  __aeabi_cdcmple                  
01004943  __aeabi_cdrcmple                 
010049c9  Power_init                       
01004a4d  TickFct_Scheduler                
01004b55  Power_setDependency              
01004ccb  __aeabi_fmul                     
01004d45  __aeabi_memclr                   
01004d45  __aeabi_memclr4                  
01004d45  __aeabi_memclr8                  
01004d47  __aeabi_memset                   
01004d47  __aeabi_memset4                  
01004d47  __aeabi_memset8                  
01004d4d  memset                           
01004dc1  GPIO_hwiIntFxn                   
01004e39  TimerCC32XX_start                
0100507b  I2CSupport_primeTransfer         
010050e5  __TI_decompress_lzss             
0100514d  UARTCC32XX_writeCancel           
010051b5  PowerCC32XX_setParkState         
01005219  UARTCC32XX_writePolling          
0100527d  PRCMSysResetCauseGet             
010052dd  GPIO_setCallback                 
01005339  frexp                            
01005339  frexpl                           
010053f1  GPIO_write                       
01005449  PRCMPeripheralReset              
010054a1  Power_releaseDependency          
010054f9  TimerCC32XX_stop                 
010055a5  __TI_ltoa                        
010055f9  initTimer                        
010056a1  PowerCC32XX_resumeLPDS           
01005797  __aeabi_idiv0                    
01005797  __aeabi_ldiv0                    
01005799  ClockP_doTick                    
01005799  ClockP_sysTickHandler            
010057e9  SemaphoreP_construct             
01005839  TickFct_TempManip                
01005889  TimerCC32XX_allocateTimerResource
010058d9  GPIO_enableInt                   
01005971  PowerCC32XX_parkPin              
010059bd  atoi                             
01005a55  snprintf                         
01005aa1  FlashDisable                     
01005ae9  PRCMLPDSEnter                    
01005b31  PRCMPeripheralClkEnable          
01005b79  Power_releaseConstraint          
01005bc1  __aeabi_d2iz                     
01005c09  RingBuf_put                      
01005c95  ClockP_stop                      
01005cd9  PRCMLPDSRestoreInfoSet           
01005d1d  PowerCC32XX_enterLPDS            
01005d61  SemaphoreP_post                  
01005da5  SwiP_restore                     
01005de9  Timer_init                       
01005e2d  UART_init                        
01005e71  __TI_auto_init_nobinit_nopinit   
01005eb5  initUART                         
01005ef9  ClockP_construct                 
01005f39  PinModeSet                       
01005f79  RingBuf_get                      
01005fb9  Timer_open                       
01005ff9  UARTCC32XX_read                  
01006039  UART_open                        
010060b9  ClockP_destruct                  
010060f5  Power_setConstraint              
01006131  TimerCC32XX_close                
010061a5  PRCMLPDSEnterKeepDebugIf         
0100624d  initVectors                      
010062bd  __aeabi_f2iz                     
010062f5  __aeabi_i2f                      
0100632d  TimerControlStall                
01006363  UARTCC32XX_readCancel            
01006399  ClockP_getTicksUntilInterrupt    
010063cd  ClockP_startup                   
01006401  PinModeGet                       
01006435  PowerCC32XX_restoreParkState     
01006469  TimerCC32XX_freeTimerResource    
010064d1  ClockP_start                     
01006501  PowerCC32XX_restoreParkedPin     
01006561  __aeabi_i2d                      
01006591  PowerCC32XX_getParkState         
010065bd  HwiP_create                      
010065e7  TimerLoadSet                     
01006611  TimerPrescaleSet                 
0100663b  I2CFIFODataPutNonBlocking        
01006665  PRCMPeripheralClkDisable         
0100668d  Power_registerNotify             
010066dd  I2CFIFODataGetNonBlocking        
01006703  I2C_cancel                       
01006729  List_put                         
0100674f  List_remove                      
01006775  HwiP_dispatch                    
01006799  PowerCC32XX_reset                
010067bd  _c_int00_noargs                  
010067e1  I2CMasterSlaveAddrSet            
01006803  HwiP_destruct                    
01006825  Power_unregisterNotify           
01006845  RingBuf_peek                     
01006885  I2CMasterIntStatusEx             
010068a3  SemaphoreP_constructBinary       
010068c1  TimerDisable                     
010068df  TimerEnable                      
010068fd  PinToPadGet                      
01006919  SwiP_disable                     
01006951  memccpy                          
0100696d  ClockP_create                    
01006987  SemaphoreP_createBinary          
010069a1  resetISR                         
010069b4  resetVectorAddr                  
010069bb  I2CMasterBusBusy                 
010069d3  I2CMasterIntDisableEx            
010069eb  I2CMasterIntEnableEx             
01006a03  I2CRxFIFOFlush                   
01006a1b  I2CTxFIFOFlush                   
01006a35  Power_getTransitionLatency       
01006a4d  Power_idleFunc                   
01006a65  TimerCC32XX_getCount             
01006a7d  TimerIntDisable                  
01006a95  TimerIntEnable                   
01006aad  UARTBusy                         
01006ac5  UARTIntEnable                    
01006add  UART_Params_init                 
01006b0d  gpioButtonFxn0                   
01006b25  gpioButtonFxn1                   
01006b3d  __aeabi_lmul                     
01006b55  timerCallback                    
01006b6d  I2CMasterBurstLengthSet          
01006b83  PRCMHIBRegRead                   
01006b99  PRCMHIBRegWrite                  
01006baf  SemaphoreP_create                
01006bc5  strchr                           
01006bdb  CPUcpsid                         
01006bf1  HwiP_inISR                       
01006c05  I2CSupport_masterFinish          
01006c19  I2C_transfer                     
01006c2d  IntVTableBaseSet                 
01006c41  Power_disablePolicy              
01006c55  Power_getDependencyCount         
01006c7d  strlen                           
01006c91  HwiP_Params_init                 
01006ca3  I2CMasterIntClearEx              
01006cb5  RingBuf_construct                
01006cc7  TimerIntClear                    
01006cd9  main                             
01006ceb  wcslen                           
01006cfd  Board_init                       
01006d0d  ClockP_add                       
01006d1d  ClockP_delete                    
01006d2d  ClockP_getCpuFreq                
01006d3d  ClockP_getSystemTicks            
01006d4d  ClockP_setTicks                  
01006d5d  HwiP_delete                      
01006d6d  HwiP_restore                     
01006d7d  I2CFIFOStatus                    
01006d8d  I2C_Params_init                  
01006d9d  Power_enablePolicy               
01006dad  SemaphoreP_Params_init           
01006dbd  TickFct_TempRead                 
01006dcd  Timer_Params_init                
01006ded  HwiP_clearInterrupt              
01006dfb  HwiP_disable                     
01006e09  HwiP_disableInterrupt            
01006e17  HwiP_enable                      
01006e17  NoRTOS_start                     
01006e25  HwiP_enableInterrupt             
01006e41  RingBuf_isFull                   
01006e4f  __TI_decompress_none             
01006e69  Power_getConstraintMask          
01006e75  copysign                         
01006e75  copysignl                        
01006e81  __TI_zero_init                   
01006ea5  ClockP_Params_init               
01006eaf  ClockP_isActive                  
01006eb9  IntMasterDisable                 
01006ec3  Timer_start                      
01006ecd  UART_write                       
01006ee1  __aeabi_errno_addr               
01006ee9  malloc                           
01006f01  I2CSupport_powerRelConstraint    
01006f07  I2CSupport_powerSetConstraint    
01006f0d  TimerCC32XX_control              
01006f13  UtilsDelay                       
01006f19  ClockP_setTimeout                
01006f1d  HwiP_post                        
01006f21  SemaphoreP_delete                
01006f25  _system_pre_init                 
01006f29  C$$EXIT                          
01006f29  abort                            
01006f2c  _ctypes_                         
010071d8  PowerCC32XX_config               
0100721c  UARTCC32XX_fxnTable              
01007244  UART_defaultParams               
010072b0  TimerCC32XX_fxnTable             
01007338  GPIOCC32XX_config                
01007360  i2cCC32XXHWAttrs                 
0100739c  I2C_defaultParams                
010073cc  timerCC32XXHWAttrs               
010073e8  Timer_config                     
010073f4  UART_config                      
0100740c  CONFIG_GPIO_BUTTON_0_CONST       
0100740d  CONFIG_GPIO_BUTTON_1_CONST       
0100740e  CONFIG_GPIO_LED_0_CONST          
0100740f  CONFIG_I2C_0_CONST               
01007410  I2C_count                        
01007411  CONFIG_TIMER_0_CONST             
01007412  Timer_count                      
01007413  CONFIG_UART_0_CONST              
01007414  UART_count                       
01007418  I2C_config                       
01007420  outPinTypes                      
01007436  inPinTypes                       
0100743c  outPinStrengths                  
01007448  __TI_static_base__               
01007518  __TI_Handler_Table_Base          
01007524  __TI_Handler_Table_Limit         
01007530  __TI_CINIT_Base                  
01007540  __TI_CINIT_Limit                 
20000000  __start___llvm_prf_cnts          
20000000  __stop___llvm_prf_cnts           
20000310  _sys_memory                      
2000861c  PowerCC32XX_module               
20008788  parkInfo                         
20008880  TimerFlag                        
20008881  IncrFlag                         
20008882  DecrFlag                         
20008884  RoomTemp                         
20008886  SetTemp                          
20008888  Heating                          
2000888c  Duration                         
20008890  gpioCallbackFunctions            
2000889c  gpioPinConfigs                   
200088b4  _lock                            
200088b8  _unlock                          
200088c4  SemaphoreP_defaultParams         
200088cc  HwiP_key                         
200088d0  HwiP_swiPIntNum                  
200088d4  ClockP_tickPeriod                
200088dc  errno                            
200088e0  PowerCC32XX_contextSave          
20008a0c  i2cCC32XXObjects                 
20008b08  uartCC32XXObjects0               
20008b8c  output                           
20008bcc  timerCC32XXObjects               
20008c00  tasks                            
20008c64  i2cTransaction                   
20008c98  ClockP_ctrl                      
20008cc4  i2c                              
20008cc8  rxBuffer                         
20008ccc  timer0                           
20008cd0  txBuffer                         
20008cd4  uart                             
2003f000  __stack                          
20040000  __STACK_END                      
ffffffff  __TI_pprof_out_hndl              
ffffffff  __TI_prof_data_size              
ffffffff  __TI_prof_data_start             
ffffffff  __binit__                        
ffffffff  __c_args__                       
ffffffff  binit                            
UNDEFED   ITM_flush                        
UNDEFED   ITM_restore                      
UNDEFED   __mpu_init                       
UNDEFED   _system_post_cinit               

[315 symbols]
